// Jest Snapshot v1, https://goo.gl/fbAQLP

exports[`IconButton should render with minimal props 1`] = `"<ForwardRef(IconButton) classes={{...}} />"`;
