// Jest Snapshot v1, https://goo.gl/fbAQLP

exports[`<Offcanvas> should match snapshot 1`] = `<DocumentFragment />`;
