// Jest Snapshot v1, https://goo.gl/fbAQLP

exports[`<Input/> should match snapshot 1`] = `
<DocumentFragment>
  <div
    class="mb-3"
  >
    <label
      class="form-label"
      for="firstName"
    >
      First Name *
    </label>
    <input
      class="form-control"
      id="firstName"
      name="firstName"
      required=""
      type="text"
      value=""
    />
  </div>
</DocumentFragment>
`;
