// Jest Snapshot v1, https://goo.gl/fbAQLP

exports[`<New /> should match snapshot 1`] = `<DocumentFragment />`;
