// Jest Snapshot v1, https://goo.gl/fbAQLP

exports[`<ScheduleAndScripts /> should match snapshot 1`] = `
<DocumentFragment>
  <div
    class="wrapper"
  >
    <div
      class="d-flex justify-content-between align-items-center"
    >
      <div>
        <select
          aria-label="Select "
          class="form-select"
          id="locationsSelect"
          role="combobox"
          type="select"
        >
          <optgroup
            label="Locations"
          />
        </select>
      </div>
      <div
        class="d-flex align-items-center gap-5"
      >
        <div
          class="d-flex align-items-center gap-3"
        >
          <p
            class="fw-bold"
          >
            Schedules are editable
          </p>
          <div
            aria-label="BsXLg"
            class="
    d-flex
    justify-content-center
    align-items-center
    text-danger
    
  "
            role="img"
          >
            <svg
              fill="currentColor"
              height="1em"
              stroke="currentColor"
              stroke-width="0"
              viewBox="0 0 16 16"
              width="1em"
              xmlns="http://www.w3.org/2000/svg"
            >
              <path
                d="M1.293 1.293a1 1 0 0 1 1.414 0L8 6.586l5.293-5.293a1 1 0 1 1 1.414 1.414L9.414 8l5.293 5.293a1 1 0 0 1-1.414 1.414L8 9.414l-5.293 5.293a1 1 0 0 1-1.414-1.414L6.586 8 1.293 2.707a1 1 0 0 1 0-1.414z"
              />
            </svg>
          </div>
        </div>
        <div
          class="d-flex align-items-center gap-3"
        >
          <p
            class="fw-bold"
          >
            Scripts are editable
          </p>
          <div
            aria-label="BsXLg"
            class="
    d-flex
    justify-content-center
    align-items-center
    text-danger
    
  "
            role="img"
          >
            <svg
              fill="currentColor"
              height="1em"
              stroke="currentColor"
              stroke-width="0"
              viewBox="0 0 16 16"
              width="1em"
              xmlns="http://www.w3.org/2000/svg"
            >
              <path
                d="M1.293 1.293a1 1 0 0 1 1.414 0L8 6.586l5.293-5.293a1 1 0 1 1 1.414 1.414L9.414 8l5.293 5.293a1 1 0 0 1-1.414 1.414L8 9.414l-5.293 5.293a1 1 0 0 1-1.414-1.414L6.586 8 1.293 2.707a1 1 0 0 1 0-1.414z"
              />
            </svg>
          </div>
        </div>
      </div>
    </div>
    <hr />
    <div
      class="shadow-sm border-0 card"
    >
      <div
        class="card-body"
      >
        <p
          class="card-text"
        >
          View and edit follow-up schedules and scripts on this page. When selecting a location from the dropdown menu, the access indicators to the right indicate whether scripts and schedules can be edited.
        </p>
        <br />
        <p
          class="card-text"
        >
          Select a tab to view the follow-up statuses for each type. Each box within a follow-up status represents a configured touchpoint scheduled immediately or a number of days after a user enters the status. The email, text, and call icons within each box show what script types are configured, and a clock icon indicates that a follow-up is automatic. Each schedule box has a menu button to manage scripts and schedules for users with permission. Changing a schedule affects newly scheduled follow-ups only.
        </p>
      </div>
    </div>
    <br />
    <div
      class="d-flex justify-content-center"
    >
      <div
        class="spinner-border"
        role="status"
      />
    </div>
  </div>
</DocumentFragment>
`;
