// Jest Snapshot v1, https://goo.gl/fbAQLP

exports[`<TimePicker> should match snapshot 1`] = `
<DocumentFragment>
  <div>
    <select
      class="timepicker__select form-select"
      role="combobox"
    >
      <option
        value="1"
      >
        1
      </option>
      <option
        value="2"
      >
        2
      </option>
      <option
        value="3"
      >
        3
      </option>
      <option
        value="4"
      >
        4
      </option>
      <option
        value="5"
      >
        5
      </option>
      <option
        value="6"
      >
        6
      </option>
      <option
        value="7"
      >
        7
      </option>
      <option
        value="8"
      >
        8
      </option>
      <option
        value="9"
      >
        9
      </option>
      <option
        value="10"
      >
        10
      </option>
      <option
        value="11"
      >
        11
      </option>
      <option
        value="12"
      >
        12
      </option>
    </select>
    :
    <select
      class="timepicker__select form-select"
    >
      <option
        value="00"
      >
        00
      </option>
      <option
        value="15"
      >
        15
      </option>
      <option
        value="30"
      >
        30
      </option>
      <option
        value="45"
      >
        45
      </option>
    </select>
    <div
      class=" btngroup btn-group"
      role="group"
    >
      <input
        autocomplete="off"
        checked=""
        class="btn-check"
        id="radio-AM"
        name="am-pm"
        type="radio"
        value="AM"
      />
      <label
        class="btn btn-outline-primary"
        for="radio-AM"
        tabindex="0"
      >
        AM
      </label>
      <input
        autocomplete="off"
        class="btn-check"
        id="radio-PM"
        name="am-pm"
        type="radio"
        value="PM"
      />
      <label
        class="btn btn-outline-primary"
        for="radio-PM"
        tabindex="0"
      >
        PM
      </label>
    </div>
  </div>
</DocumentFragment>
`;
