// Jest Snapshot v1, https://goo.gl/fbAQLP

exports[`MenuItem should render with minimal props 1`] = `
"<ForwardRef(MenuItem) classes={{...}}>
  Foo
</ForwardRef(MenuItem)>"
`;
