// Jest Snapshot v1, https://goo.gl/fbAQLP

exports[`MultiSelectSearchList should render with minimal props 1`] = `""`;
