// Jest Snapshot v1, https://goo.gl/fbAQLP

exports[`Schedule and scripts <StatusSchedules /> should match snapshot 1`] = `
<DocumentFragment>
  <div
    class="
    touchpoint
    filled
    rounded
    py-2
    px-3
    m-0
  "
  >
    <div
      class="row"
    >
      <p
        class="m-0 text-dark text-center fw-bold align-middle"
      >
        Day undefined
      </p>
      <div
        aria-label="BsThreeDotsVertical"
        class="
    d-flex
    justify-content-center
    align-items-center
    text-muted fs-5 
    action
  "
        role="button"
      >
        <svg
          fill="currentColor"
          height="1em"
          stroke="currentColor"
          stroke-width="0"
          viewBox="0 0 16 16"
          width="1em"
          xmlns="http://www.w3.org/2000/svg"
        >
          <path
            d="M9.5 13a1.5 1.5 0 1 1-3 0 1.5 1.5 0 0 1 3 0zm0-5a1.5 1.5 0 1 1-3 0 1.5 1.5 0 0 1 3 0zm0-5a1.5 1.5 0 1 1-3 0 1.5 1.5 0 0 1 3 0z"
          />
        </svg>
      </div>
    </div>
    <div
      class="gap-2 justify-content-center row"
    >
      <div>
        <div
          aria-label="BsExclamationTriangleFill"
          class="
    d-flex
    justify-content-center
    align-items-center
    text-muted fs-5
    action
  "
          role="button"
        >
          <svg
            fill="currentColor"
            height="1em"
            stroke="currentColor"
            stroke-width="0"
            viewBox="0 0 16 16"
            width="1em"
            xmlns="http://www.w3.org/2000/svg"
          >
            <path
              d="M8.982 1.566a1.13 1.13 0 0 0-1.96 0L.165 13.233c-.457.778.091 1.767.98 1.767h13.713c.889 0 1.438-.99.98-1.767L8.982 1.566zM8 5c.535 0 .954.462.9.995l-.35 3.507a.552.552 0 0 1-1.1 0L7.1 5.995A.905.905 0 0 1 8 5zm.002 6a1 1 0 1 1 0 2 1 1 0 0 1 0-2z"
            />
          </svg>
        </div>
      </div>
    </div>
  </div>
</DocumentFragment>
`;
