// Jest Snapshot v1, https://goo.gl/fbAQLP

exports[`Date Input should render with minimal props 1`] = `"<TextField InputLabelProps={{...}} type=\\"date\\" />"`;
